Application bundle generation failed. [6.326 seconds] - 2026-01-29T16:08:45.290Z

node.exe : 
[1m[31m[31mX [41;3
1m[[41;97mERROR[41;3
1m][0m [1mTS2307: 
Cannot find module '@a
ngular/common/http' 
or its corresponding 
type 
declarations.[0m 
[1m[35m[plugin 
angular-compiler][0m
En C:\Users\rafas\AppD
ata\Roaming\npm\npx.ps
1: 24 Carácter: 5
+     & "node$exe"  "$
basedir/node_modules/n
pm/bin/npx-cli.js" 
$args
+     ~~~~~~~~~~~~~~~~
~~~~~~~~~~~~~~~~~~~~~~
~~~~~~~~~~~~~~~~~~~~~~
~~
    + CategoryInfo    
          : 
NotSpecified    : 
([1m[31m[31mX.    
..r-compiler][0m:S   
 tring) [], RemoteEx  
  ception
    + 
FullyQualifiedErr    
orId : NativeComman   
 dError
 

    src/app/app.config
.ts:3:57:
[37m      3 Ôöé 
...Client, 
provideHttpClient, 
withFetch } from [32m
'@angular/common/http'
[37m;
        ÔòÁ           
                      
               [32m~~
~~~~~~~~~~~~~~~~~~~~[
0m

[39m[22m
